// Jest Snapshot v1, https://goo.gl/fbAQLP

exports[`button should render correctly 1`] = `
<View
  accessible={true}
  collapsable={false}
  focusable={true}
  onClick={[Function]}
  onResponderGrant={[Function]}
  onResponderMove={[Function]}
  onResponderRelease={[Function]}
  onResponderTerminate={[Function]}
  onResponderTerminationRequest={[Function]}
  onStartShouldSetResponder={[Function]}
  style={
    Object {
      "alignItems": "center",
      "backgroundColor": "#fff",
      "borderRadius": 196.17647058823528,
      "elevation": 7,
      "height": 137.3235294117647,
      "justifyContent": "center",
      "opacity": 1,
      "shadowColor": "rgba(0, 0, 0, 0.3)",
      "shadowOffset": Object {
        "height": 3,
        "width": 0,
      },
      "shadowOpacity": 1,
      "shadowRadius": 7,
      "width": "100%",
    }
  }
>
  <Text
    style={
      Object {
        "color": "#000",
        "fontFamily": "Roboto-Regular",
        "fontSize": 31.388235294117646,
        "fontWeight": "400",
      }
    }
  >
    Button test
  </Text>
</View>
`;
